(program 0.0.0 (con data (I -18446744073709551618)))