---
source: crates/aiken-project/src/export.rs
description: "Code:\n\npub fn add(_a: a, _b: b) -> Bool {\n    True\n}\n"
---
Schema {
    error: Error {
        context: FreeTypeVariable,
        breadcrumbs: [
            Var {
                tipo: RefCell {
                    value: Generic {
                        id: 33,
                    },
                },
                alias: None,
            },
        ],
    },
    location: 11..16,
    source_code: NamedSource {
        name: "",
        source: "<redacted>",
    ,
}
