---
source: crates/aiken-lang/src/parser/expr/when/clause.rs
description: "Code:\n\nwhen val is {\n  Bar1{..} -> fail\n}\n"
---
When {
    location: 0..34,
    subject: Var {
        location: 5..8,
        name: "val",
    },
    clauses: [
        UntypedClause {
            location: 16..32,
            patterns: [
                Constructor {
                    is_record: true,
                    location: 16..24,
                    name: "Bar1",
                    arguments: [],
                    module: None,
                    constructor: (),
                    with_spread: true,
                    tipo: (),
                },
            ],
            guard: None,
            then: Trace {
                kind: Error,
                location: 28..32,
                then: ErrorTerm {
                    location: 28..32,
                },
                text: String {
                    location: 28..32,
                    value: "aiken::error",
                },
            },
        },
    ],
}
