---
source: crates/aiken-project/src/blueprint/validator.rs
description: "Code:\n\ntype Dict<key, value> {\n    inner: List<Pair<ByteArray, value>>\n}\n\ntype UUID { UUID }\n\nvalidator {\n  fn list_pairs_as_map(redeemer: Dict<UUID, Int>, ctx: Void) {\n    True\n  }\n}\n"
---
{
  "title": "test_module.list_pairs_as_map",
  "redeemer": {
    "title": "redeemer",
    "schema": {
      "$ref": "#/definitions/test_module~1Dict$test_module~1UUID_Int"
    }
  },
  "compiledCode": "58fd010000323232323232323232232253330054a22930a9980324811856616c696461746f722072657475726e65642066616c736500136563253330043370e900018031baa0011325333009001004132533300a300c002132498c8cc004004008894ccc03000452613233003003300f002323232533333301200100a00a00a1375a002014601a00464a66666602200201201201201226eb8004c02c004c034004014c94cccccc0340040144dd5800802802802980500098039baa001003533333300a0011001002002002002153300249011972656465656d65723a20446963743c555549442c20496e743e00165734ae7155ceaab9e5573eae855d12ba41",
  "hash": "b506dcde933daf4709a5883ce8fdf7c159d147b8e81d860947918ad3",
  "definitions": {
    "ByteArray": {
      "dataType": "bytes"
    },
    "Int": {
      "dataType": "integer"
    },
    "List$Pair$ByteArray_Int": {
      "dataType": "map",
      "keys": {
        "$ref": "#/definitions/ByteArray"
      },
      "values": {
        "$ref": "#/definitions/Int"
      }
    },
    "test_module/Dict$test_module/UUID_Int": {
      "title": "Dict",
      "anyOf": [
        {
          "title": "Dict",
          "dataType": "constructor",
          "index": 0,
          "fields": [
            {
              "title": "inner",
              "$ref": "#/definitions/List$Pair$ByteArray_Int"
            }
          ]
        }
      ]
    }
  }
}
