---
source: crates/aiken-lang/src/parser/expr/fail_todo_trace.rs
description: "Code:\n\nfail\n"
---
ErrorTerm {
    location: 0..4,
}
