---
source: crates/aiken-lang/src/parser/expr/fail_todo_trace.rs
description: "Code:\n\ntodo\n"
---
Trace {
    kind: Todo,
    location: 0..4,
    then: ErrorTerm {
        location: 0..4,
    },
    text: String {
        location: 0..4,
        value: "aiken::todo",
    },
}
